Archive member included to satisfy reference by file (symbol)

/opt/st/stm32cubeide_1.6.0/plugins/com.st.stm32cube.ide.mcu.externaltools.gnu-tools-for-stm32.9-2020-q2-update.linux64_1.5.0.202011040924/tools/bin/../lib/gcc/arm-none-eabi/9.3.1/../../../../arm-none-eabi/lib/thumb/v7-m/nofp/libc_nano.a(lib_a-errno.o)
                              Core/Src/syscalls.o (__errno)
/opt/st/stm32cubeide_1.6.0/plugins/com.st.stm32cube.ide.mcu.externaltools.gnu-tools-for-stm32.9-2020-q2-update.linux64_1.5.0.202011040924/tools/bin/../lib/gcc/arm-none-eabi/9.3.1/../../../../arm-none-eabi/lib/thumb/v7-m/nofp/libc_nano.a(lib_a-exit.o)
                              /opt/st/stm32cubeide_1.6.0/plugins/com.st.stm32cube.ide.mcu.externaltools.gnu-tools-for-stm32.9-2020-q2-update.linux64_1.5.0.202011040924/tools/bin/../lib/gcc/arm-none-eabi/9.3.1/../../../../arm-none-eabi/lib/thumb/v7-m/nofp/crt0.o (exit)
/opt/st/stm32cubeide_1.6.0/plugins/com.st.stm32cube.ide.mcu.externaltools.gnu-tools-for-stm32.9-2020-q2-update.linux64_1.5.0.202011040924/tools/bin/../lib/gcc/arm-none-eabi/9.3.1/../../../../arm-none-eabi/lib/thumb/v7-m/nofp/libc_nano.a(lib_a-impure.o)
                              /opt/st/stm32cubeide_1.6.0/plugins/com.st.stm32cube.ide.mcu.externaltools.gnu-tools-for-stm32.9-2020-q2-update.linux64_1.5.0.202011040924/tools/bin/../lib/gcc/arm-none-eabi/9.3.1/../../../../arm-none-eabi/lib/thumb/v7-m/nofp/libc_nano.a(lib_a-exit.o) (_global_impure_ptr)
/opt/st/stm32cubeide_1.6.0/plugins/com.st.stm32cube.ide.mcu.externaltools.gnu-tools-for-stm32.9-2020-q2-update.linux64_1.5.0.202011040924/tools/bin/../lib/gcc/arm-none-eabi/9.3.1/../../../../arm-none-eabi/lib/thumb/v7-m/nofp/libc_nano.a(lib_a-init.o)
                              /opt/st/stm32cubeide_1.6.0/plugins/com.st.stm32cube.ide.mcu.externaltools.gnu-tools-for-stm32.9-2020-q2-update.linux64_1.5.0.202011040924/tools/bin/../lib/gcc/arm-none-eabi/9.3.1/../../../../arm-none-eabi/lib/thumb/v7-m/nofp/crt0.o (__libc_init_array)
/opt/st/stm32cubeide_1.6.0/plugins/com.st.stm32cube.ide.mcu.externaltools.gnu-tools-for-stm32.9-2020-q2-update.linux64_1.5.0.202011040924/tools/bin/../lib/gcc/arm-none-eabi/9.3.1/../../../../arm-none-eabi/lib/thumb/v7-m/nofp/libc_nano.a(lib_a-memset.o)
                              /opt/st/stm32cubeide_1.6.0/plugins/com.st.stm32cube.ide.mcu.externaltools.gnu-tools-for-stm32.9-2020-q2-update.linux64_1.5.0.202011040924/tools/bin/../lib/gcc/arm-none-eabi/9.3.1/../../../../arm-none-eabi/lib/thumb/v7-m/nofp/crt0.o (memset)

Allocating common symbols
Common symbol       size              file

task1_tcb           0x5c              YSH_RTOS/TASK/task.o
task2_stack         0x200             YSH_RTOS/TASK/task.o
uwTick              0x4               Drivers/STM32F1xx_HAL_Driver/Src/stm32f1xx_hal.o
pFlash              0x20              Drivers/STM32F1xx_HAL_Driver/Src/stm32f1xx_hal_flash.o
task1_stack         0x200             YSH_RTOS/TASK/task.o
task2_tcb           0x5c              YSH_RTOS/TASK/task.o

Discarded input sections

 .text          0x0000000000000000        0x0 /opt/st/stm32cubeide_1.6.0/plugins/com.st.stm32cube.ide.mcu.externaltools.gnu-tools-for-stm32.9-2020-q2-update.linux64_1.5.0.202011040924/tools/bin/../lib/gcc/arm-none-eabi/9.3.1/thumb/v7-m/nofp/crti.o
 .data          0x0000000000000000        0x0 /opt/st/stm32cubeide_1.6.0/plugins/com.st.stm32cube.ide.mcu.externaltools.gnu-tools-for-stm32.9-2020-q2-update.linux64_1.5.0.202011040924/tools/bin/../lib/gcc/arm-none-eabi/9.3.1/thumb/v7-m/nofp/crti.o
 .bss           0x0000000000000000        0x0 /opt/st/stm32cubeide_1.6.0/plugins/com.st.stm32cube.ide.mcu.externaltools.gnu-tools-for-stm32.9-2020-q2-update.linux64_1.5.0.202011040924/tools/bin/../lib/gcc/arm-none-eabi/9.3.1/thumb/v7-m/nofp/crti.o
 .data          0x0000000000000000        0x4 /opt/st/stm32cubeide_1.6.0/plugins/com.st.stm32cube.ide.mcu.externaltools.gnu-tools-for-stm32.9-2020-q2-update.linux64_1.5.0.202011040924/tools/bin/../lib/gcc/arm-none-eabi/9.3.1/thumb/v7-m/nofp/crtbegin.o
 .text          0x0000000000000000       0x7c /opt/st/stm32cubeide_1.6.0/plugins/com.st.stm32cube.ide.mcu.externaltools.gnu-tools-for-stm32.9-2020-q2-update.linux64_1.5.0.202011040924/tools/bin/../lib/gcc/arm-none-eabi/9.3.1/../../../../arm-none-eabi/lib/thumb/v7-m/nofp/crt0.o
 .data          0x0000000000000000        0x0 /opt/st/stm32cubeide_1.6.0/plugins/com.st.stm32cube.ide.mcu.externaltools.gnu-tools-for-stm32.9-2020-q2-update.linux64_1.5.0.202011040924/tools/bin/../lib/gcc/arm-none-eabi/9.3.1/../../../../arm-none-eabi/lib/thumb/v7-m/nofp/crt0.o
 .bss           0x0000000000000000        0x0 /opt/st/stm32cubeide_1.6.0/plugins/com.st.stm32cube.ide.mcu.externaltools.gnu-tools-for-stm32.9-2020-q2-update.linux64_1.5.0.202011040924/tools/bin/../lib/gcc/arm-none-eabi/9.3.1/../../../../arm-none-eabi/lib/thumb/v7-m/nofp/crt0.o
[...]
Memory Configuration

Name             Origin             Length             Attributes
RAM              0x0000000020000000 0x0000000000010000 xrw
FLASH            0x0000000008000000 0x0000000000080000 xr
*default*        0x0000000000000000 0xffffffffffffffff

Linker script and memory map

LOAD /opt/st/stm32cubeide_1.6.0/plugins/com.st.stm32cube.ide.mcu.externaltools.gnu-tools-for-stm32.9-2020-q2-update.linux64_1.5.0.202011040924/tools/bin/../lib/gcc/arm-none-eabi/9.3.1/thumb/v7-m/nofp/crti.o
LOAD /opt/st/stm32cubeide_1.6.0/plugins/com.st.stm32cube.ide.mcu.externaltools.gnu-tools-for-stm32.9-2020-q2-update.linux64_1.5.0.202011040924/tools/bin/../lib/gcc/arm-none-eabi/9.3.1/thumb/v7-m/nofp/crtbegin.o
LOAD /opt/st/stm32cubeide_1.6.0/plugins/com.st.stm32cube.ide.mcu.externaltools.gnu-tools-for-stm32.9-2020-q2-update.linux64_1.5.0.202011040924/tools/bin/../lib/gcc/arm-none-eabi/9.3.1/../../../../arm-none-eabi/lib/thumb/v7-m/nofp/crt0.o
LOAD Core/Src/gpio.o
LOAD Core/Src/main.o
LOAD Core/Src/stm32f1xx_hal_msp.o
LOAD Core/Src/stm32f1xx_it.o
LOAD Core/Src/syscalls.o
LOAD Core/Src/sysmem.o
LOAD Core/Src/system_stm32f1xx.o
LOAD Core/Startup/startup_stm32f103zetx.o
LOAD Drivers/STM32F1xx_HAL_Driver/Src/stm32f1xx_hal.o
LOAD Drivers/STM32F1xx_HAL_Driver/Src/stm32f1xx_hal_cortex.o
LOAD Drivers/STM32F1xx_HAL_Driver/Src/stm32f1xx_hal_dma.o
LOAD Drivers/STM32F1xx_HAL_Driver/Src/stm32f1xx_hal_exti.o
LOAD Drivers/STM32F1xx_HAL_Driver/Src/stm32f1xx_hal_flash.o
LOAD Drivers/STM32F1xx_HAL_Driver/Src/stm32f1xx_hal_flash_ex.o
LOAD Drivers/STM32F1xx_HAL_Driver/Src/stm32f1xx_hal_gpio.o
LOAD Drivers/STM32F1xx_HAL_Driver/Src/stm32f1xx_hal_gpio_ex.o
LOAD Drivers/STM32F1xx_HAL_Driver/Src/stm32f1xx_hal_pwr.o
LOAD Drivers/STM32F1xx_HAL_Driver/Src/stm32f1xx_hal_rcc.o
LOAD Drivers/STM32F1xx_HAL_Driver/Src/stm32f1xx_hal_rcc_ex.o
LOAD Drivers/STM32F1xx_HAL_Driver/Src/stm32f1xx_hal_tim.o
LOAD Drivers/STM32F1xx_HAL_Driver/Src/stm32f1xx_hal_tim_ex.o
LOAD YSH_RTOS/LIST/list.o
LOAD YSH_RTOS/TASK/task.o
START GROUP
LOAD /opt/st/stm32cubeide_1.6.0/plugins/com.st.stm32cube.ide.mcu.externaltools.gnu-tools-for-stm32.9-2020-q2-update.linux64_1.5.0.202011040924/tools/bin/../lib/gcc/arm-none-eabi/9.3.1/../../../../arm-none-eabi/lib/thumb/v7-m/nofp/libc_nano.a
LOAD /opt/st/stm32cubeide_1.6.0/plugins/com.st.stm32cube.ide.mcu.externaltools.gnu-tools-for-stm32.9-2020-q2-update.linux64_1.5.0.202011040924/tools/bin/../lib/gcc/arm-none-eabi/9.3.1/../../../../arm-none-eabi/lib/thumb/v7-m/nofp/libm.a
END GROUP
START GROUP
LOAD /opt/st/stm32cubeide_1.6.0/plugins/com.st.stm32cube.ide.mcu.externaltools.gnu-tools-for-stm32.9-2020-q2-update.linux64_1.5.0.202011040924/tools/bin/../lib/gcc/arm-none-eabi/9.3.1/thumb/v7-m/nofp/libgcc.a
LOAD /opt/st/stm32cubeide_1.6.0/plugins/com.st.stm32cube.ide.mcu.externaltools.gnu-tools-for-stm32.9-2020-q2-update.linux64_1.5.0.202011040924/tools/bin/../lib/gcc/arm-none-eabi/9.3.1/../../../../arm-none-eabi/lib/thumb/v7-m/nofp/libc_nano.a
END GROUP
START GROUP
LOAD /opt/st/stm32cubeide_1.6.0/plugins/com.st.stm32cube.ide.mcu.externaltools.gnu-tools-for-stm32.9-2020-q2-update.linux64_1.5.0.202011040924/tools/bin/../lib/gcc/arm-none-eabi/9.3.1/thumb/v7-m/nofp/libgcc.a
LOAD /opt/st/stm32cubeide_1.6.0/plugins/com.st.stm32cube.ide.mcu.externaltools.gnu-tools-for-stm32.9-2020-q2-update.linux64_1.5.0.202011040924/tools/bin/../lib/gcc/arm-none-eabi/9.3.1/../../../../arm-none-eabi/lib/thumb/v7-m/nofp/libc_nano.a
LOAD /opt/st/stm32cubeide_1.6.0/plugins/com.st.stm32cube.ide.mcu.externaltools.gnu-tools-for-stm32.9-2020-q2-update.linux64_1.5.0.202011040924/tools/bin/../lib/gcc/arm-none-eabi/9.3.1/../../../../arm-none-eabi/lib/thumb/v7-m/nofp/libnosys.a
END GROUP
START GROUP
LOAD /opt/st/stm32cubeide_1.6.0/plugins/com.st.stm32cube.ide.mcu.externaltools.gnu-tools-for-stm32.9-2020-q2-update.linux64_1.5.0.202011040924/tools/bin/../lib/gcc/arm-none-eabi/9.3.1/thumb/v7-m/nofp/libgcc.a
LOAD /opt/st/stm32cubeide_1.6.0/plugins/com.st.stm32cube.ide.mcu.externaltools.gnu-tools-for-stm32.9-2020-q2-update.linux64_1.5.0.202011040924/tools/bin/../lib/gcc/arm-none-eabi/9.3.1/../../../../arm-none-eabi/lib/thumb/v7-m/nofp/libc_nano.a
LOAD /opt/st/stm32cubeide_1.6.0/plugins/com.st.stm32cube.ide.mcu.externaltools.gnu-tools-for-stm32.9-2020-q2-update.linux64_1.5.0.202011040924/tools/bin/../lib/gcc/arm-none-eabi/9.3.1/../../../../arm-none-eabi/lib/thumb/v7-m/nofp/libnosys.a
END GROUP
LOAD /opt/st/stm32cubeide_1.6.0/plugins/com.st.stm32cube.ide.mcu.externaltools.gnu-tools-for-stm32.9-2020-q2-update.linux64_1.5.0.202011040924/tools/bin/../lib/gcc/arm-none-eabi/9.3.1/thumb/v7-m/nofp/crtend.o
LOAD /opt/st/stm32cubeide_1.6.0/plugins/com.st.stm32cube.ide.mcu.externaltools.gnu-tools-for-stm32.9-2020-q2-update.linux64_1.5.0.202011040924/tools/bin/../lib/gcc/arm-none-eabi/9.3.1/thumb/v7-m/nofp/crtn.o
                0x0000000020010000                _estack = (ORIGIN (RAM) + LENGTH (RAM))
                0x0000000000000200                _Min_Heap_Size = 0x200
                0x0000000000000400                _Min_Stack_Size = 0x400

.isr_vector     0x0000000008000000      0x1e4
                0x0000000008000000                . = ALIGN (0x4)
 *(.isr_vector)
 .isr_vector    0x0000000008000000      0x1e4 Core/Startup/startup_stm32f103zetx.o
                0x0000000008000000                g_pfnVectors
                0x00000000080001e4                . = ALIGN (0x4)

.text           0x00000000080001e4     0x10f4
                0x00000000080001e4                . = ALIGN (0x4)
 *(.text)
 .text          0x00000000080001e4       0x40 /opt/st/stm32cubeide_1.6.0/plugins/com.st.stm32cube.ide.mcu.externaltools.gnu-tools-for-stm32.9-2020-q2-update.linux64_1.5.0.202011040924/tools/bin/../lib/gcc/arm-none-eabi/9.3.1/thumb/v7-m/nofp/crtbegin.o
 *(.text*)
 .text.MX_GPIO_Init
                0x0000000008000224       0x64 Core/Src/gpio.o
                0x0000000008000224                MX_GPIO_Init
 .text.delay_ms
                0x0000000008000288       0x58 Core/Src/main.o
                0x0000000008000288                delay_ms
 .text.main     0x00000000080002e0       0x34 Core/Src/main.o
                0x00000000080002e0                main
 .text.SystemClock_Config
                0x0000000008000314       0x8a Core/Src/main.o
                0x0000000008000314                SystemClock_Config
 .text.Error_Handler
                0x000000000800039e        0xa Core/Src/main.o
                0x000000000800039e                Error_Handler
 .text.HAL_MspInit
                0x00000000080003a8       0x64 Core/Src/stm32f1xx_hal_msp.o
                0x00000000080003a8                HAL_MspInit
 .text.NMI_Handler
                0x000000000800040c        0x6 Core/Src/stm32f1xx_it.o
                0x000000000800040c                NMI_Handler
 .text.HardFault_Handler
                0x0000000008000412        0x6 Core/Src/stm32f1xx_it.o
                0x0000000008000412                HardFault_Handler
 .text.MemManage_Handler
                0x0000000008000418        0x6 Core/Src/stm32f1xx_it.o
                0x0000000008000418                MemManage_Handler
 .text.BusFault_Handler
                0x000000000800041e        0x6 Core/Src/stm32f1xx_it.o
                0x000000000800041e                BusFault_Handler
 .text.UsageFault_Handler
                0x0000000008000424        0x6 Core/Src/stm32f1xx_it.o
                0x0000000008000424                UsageFault_Handler
 .text.SVC_Handler
                0x000000000800042a        0xc Core/Src/stm32f1xx_it.o
                0x000000000800042a                SVC_Handler
 .text.DebugMon_Handler
                0x0000000008000436        0xc Core/Src/stm32f1xx_it.o
                0x0000000008000436                DebugMon_Handler
 .text.PendSV_Handler
                0x0000000008000442        0xc Core/Src/stm32f1xx_it.o
                0x0000000008000442                PendSV_Handler
 .text.SysTick_Handler
                0x000000000800044e        0xc Core/Src/stm32f1xx_it.o
                0x000000000800044e                SysTick_Handler
 .text.SystemInit
                0x000000000800045a        0xc Core/Src/system_stm32f1xx.o
                0x000000000800045a                SystemInit
 *fill*         0x0000000008000466        0x2 
 .text.Reset_Handler
                0x0000000008000468       0x48 Core/Startup/startup_stm32f103zetx.o
                0x0000000008000468                Reset_Handler
 .text.Default_Handler
                0x00000000080004b0        0x2 Core/Startup/startup_stm32f103zetx.o
                0x00000000080004b0                RTC_Alarm_IRQHandler
                0x00000000080004b0                EXTI2_IRQHandler
                0x00000000080004b0                TIM8_TRG_COM_IRQHandler
                0x00000000080004b0                TIM8_CC_IRQHandler
                0x00000000080004b0                TIM1_CC_IRQHandler
                0x00000000080004b0                TIM6_IRQHandler
                0x00000000080004b0                PVD_IRQHandler
                0x00000000080004b0                SDIO_IRQHandler
                0x00000000080004b0                EXTI3_IRQHandler
                0x00000000080004b0                EXTI0_IRQHandler
                0x00000000080004b0                I2C2_EV_IRQHandler
                0x00000000080004b0                ADC1_2_IRQHandler
                0x00000000080004b0                SPI1_IRQHandler
                0x00000000080004b0                TAMPER_IRQHandler
                0x00000000080004b0                TIM8_UP_IRQHandler
                0x00000000080004b0                DMA2_Channel2_IRQHandler
                0x00000000080004b0                DMA1_Channel4_IRQHandler
                0x00000000080004b0                USART3_IRQHandler
                0x00000000080004b0                RTC_IRQHandler
                0x00000000080004b0                DMA1_Channel7_IRQHandler
                0x00000000080004b0                CAN1_RX1_IRQHandler
                0x00000000080004b0                UART5_IRQHandler
                0x00000000080004b0                ADC3_IRQHandler
                0x00000000080004b0                TIM4_IRQHandler
                0x00000000080004b0                DMA2_Channel1_IRQHandler
                0x00000000080004b0                I2C1_EV_IRQHandler
                0x00000000080004b0                DMA1_Channel6_IRQHandler
                0x00000000080004b0                UART4_IRQHandler
                0x00000000080004b0                TIM3_IRQHandler
                0x00000000080004b0                RCC_IRQHandler
                0x00000000080004b0                TIM1_TRG_COM_IRQHandler
                0x00000000080004b0                DMA1_Channel1_IRQHandler
                0x00000000080004b0                Default_Handler
                0x00000000080004b0                EXTI15_10_IRQHandler
                0x00000000080004b0                TIM7_IRQHandler
                0x00000000080004b0                TIM5_IRQHandler
                0x00000000080004b0                EXTI9_5_IRQHandler
                0x00000000080004b0                SPI2_IRQHandler
                0x00000000080004b0                DMA1_Channel5_IRQHandler
                0x00000000080004b0                EXTI4_IRQHandler
                0x00000000080004b0                USB_LP_CAN1_RX0_IRQHandler
                0x00000000080004b0                USB_HP_CAN1_TX_IRQHandler
                0x00000000080004b0                DMA1_Channel3_IRQHandler
                0x00000000080004b0                FSMC_IRQHandler
                0x00000000080004b0                TIM1_UP_IRQHandler
                0x00000000080004b0                WWDG_IRQHandler
                0x00000000080004b0                TIM2_IRQHandler
                0x00000000080004b0                TIM1_BRK_IRQHandler
                0x00000000080004b0                EXTI1_IRQHandler
                0x00000000080004b0                DMA2_Channel4_5_IRQHandler
                0x00000000080004b0                USART2_IRQHandler
                0x00000000080004b0                I2C2_ER_IRQHandler
                0x00000000080004b0                DMA1_Channel2_IRQHandler
                0x00000000080004b0                TIM8_BRK_IRQHandler
                0x00000000080004b0                CAN1_SCE_IRQHandler
                0x00000000080004b0                FLASH_IRQHandler
                0x00000000080004b0                USART1_IRQHandler
                0x00000000080004b0                SPI3_IRQHandler
                0x00000000080004b0                I2C1_ER_IRQHandler
                0x00000000080004b0                USBWakeUp_IRQHandler
                0x00000000080004b0                DMA2_Channel3_IRQHandler
 *fill*         0x00000000080004b2        0x2 
 .text.HAL_Init
                0x00000000080004b4       0x2c Drivers/STM32F1xx_HAL_Driver/Src/stm32f1xx_hal.o
                0x00000000080004b4                HAL_Init
 .text.HAL_InitTick
                0x00000000080004e0       0x60 Drivers/STM32F1xx_HAL_Driver/Src/stm32f1xx_hal.o
                0x00000000080004e0                HAL_InitTick
 .text.HAL_IncTick
                0x0000000008000540       0x24 Drivers/STM32F1xx_HAL_Driver/Src/stm32f1xx_hal.o
                0x0000000008000540                HAL_IncTick
 .text.HAL_GetTick
                0x0000000008000564       0x14 Drivers/STM32F1xx_HAL_Driver/Src/stm32f1xx_hal.o
                0x0000000008000564                HAL_GetTick
 .text.__NVIC_SetPriorityGrouping
                0x0000000008000578       0x48 Drivers/STM32F1xx_HAL_Driver/Src/stm32f1xx_hal_cortex.o
 .text.__NVIC_GetPriorityGrouping
                0x00000000080005c0       0x1c Drivers/STM32F1xx_HAL_Driver/Src/stm32f1xx_hal_cortex.o
 .text.__NVIC_SetPriority
                0x00000000080005dc       0x54 Drivers/STM32F1xx_HAL_Driver/Src/stm32f1xx_hal_cortex.o
 .text.NVIC_EncodePriority
                0x0000000008000630       0x64 Drivers/STM32F1xx_HAL_Driver/Src/stm32f1xx_hal_cortex.o
 .text.SysTick_Config
                0x0000000008000694       0x44 Drivers/STM32F1xx_HAL_Driver/Src/stm32f1xx_hal_cortex.o
 .text.HAL_NVIC_SetPriorityGrouping
                0x00000000080006d8       0x16 Drivers/STM32F1xx_HAL_Driver/Src/stm32f1xx_hal_cortex.o
                0x00000000080006d8                HAL_NVIC_SetPriorityGrouping
 .text.HAL_NVIC_SetPriority
                0x00000000080006ee       0x38 Drivers/STM32F1xx_HAL_Driver/Src/stm32f1xx_hal_cortex.o
                0x00000000080006ee                HAL_NVIC_SetPriority
 .text.HAL_SYSTICK_Config
                0x0000000008000726       0x18 Drivers/STM32F1xx_HAL_Driver/Src/stm32f1xx_hal_cortex.o
                0x0000000008000726                HAL_SYSTICK_Config
 *fill*         0x000000000800073e        0x2 
 .text.HAL_GPIO_Init
                0x0000000008000740      0x328 Drivers/STM32F1xx_HAL_Driver/Src/stm32f1xx_hal_gpio.o
                0x0000000008000740                HAL_GPIO_Init
 .text.HAL_GPIO_WritePin
                0x0000000008000a68       0x30 Drivers/STM32F1xx_HAL_Driver/Src/stm32f1xx_hal_gpio.o
                0x0000000008000a68                HAL_GPIO_WritePin
 .text.HAL_RCC_OscConfig
                0x0000000008000a98      0x500 Drivers/STM32F1xx_HAL_Driver/Src/stm32f1xx_hal_rcc.o
                0x0000000008000a98                HAL_RCC_OscConfig
 .text.HAL_RCC_ClockConfig
                0x0000000008000f98      0x1d4 Drivers/STM32F1xx_HAL_Driver/Src/stm32f1xx_hal_rcc.o
                0x0000000008000f98                HAL_RCC_ClockConfig
 .text.HAL_RCC_GetSysClockFreq
                0x000000000800116c       0xc0 Drivers/STM32F1xx_HAL_Driver/Src/stm32f1xx_hal_rcc.o
                0x000000000800116c                HAL_RCC_GetSysClockFreq
 .text.RCC_Delay
                0x000000000800122c       0x3c Drivers/STM32F1xx_HAL_Driver/Src/stm32f1xx_hal_rcc.o
 .text.__libc_init_array
                0x0000000008001268       0x48 /opt/st/stm32cubeide_1.6.0/plugins/com.st.stm32cube.ide.mcu.externaltools.gnu-tools-for-stm32.9-2020-q2-update.linux64_1.5.0.202011040924/tools/bin/../lib/gcc/arm-none-eabi/9.3.1/../../../../arm-none-eabi/lib/thumb/v7-m/nofp/libc_nano.a(lib_a-init.o)
                0x0000000008001268                __libc_init_array
 .text.memset   0x00000000080012b0       0x10 /opt/st/stm32cubeide_1.6.0/plugins/com.st.stm32cube.ide.mcu.externaltools.gnu-tools-for-stm32.9-2020-q2-update.linux64_1.5.0.202011040924/tools/bin/../lib/gcc/arm-none-eabi/9.3.1/../../../../arm-none-eabi/lib/thumb/v7-m/nofp/libc_nano.a(lib_a-memset.o)
                0x00000000080012b0                memset
 *(.glue_7)
 .glue_7        0x00000000080012c0        0x0 linker stubs
 *(.glue_7t)
 .glue_7t       0x00000000080012c0        0x0 linker stubs
 *(.eh_frame)
 .eh_frame      0x00000000080012c0        0x0 /opt/st/stm32cubeide_1.6.0/plugins/com.st.stm32cube.ide.mcu.externaltools.gnu-tools-for-stm32.9-2020-q2-update.linux64_1.5.0.202011040924/tools/bin/../lib/gcc/arm-none-eabi/9.3.1/thumb/v7-m/nofp/crtbegin.o
 *(.init)
 .init          0x00000000080012c0        0x4 /opt/st/stm32cubeide_1.6.0/plugins/com.st.stm32cube.ide.mcu.externaltools.gnu-tools-for-stm32.9-2020-q2-update.linux64_1.5.0.202011040924/tools/bin/../lib/gcc/arm-none-eabi/9.3.1/thumb/v7-m/nofp/crti.o
                0x00000000080012c0                _init
 .init          0x00000000080012c4        0x8 /opt/st/stm32cubeide_1.6.0/plugins/com.st.stm32cube.ide.mcu.externaltools.gnu-tools-for-stm32.9-2020-q2-update.linux64_1.5.0.202011040924/tools/bin/../lib/gcc/arm-none-eabi/9.3.1/thumb/v7-m/nofp/crtn.o
 *(.fini)
 .fini          0x00000000080012cc        0x4 /opt/st/stm32cubeide_1.6.0/plugins/com.st.stm32cube.ide.mcu.externaltools.gnu-tools-for-stm32.9-2020-q2-update.linux64_1.5.0.202011040924/tools/bin/../lib/gcc/arm-none-eabi/9.3.1/thumb/v7-m/nofp/crti.o
                0x00000000080012cc                _fini
 .fini          0x00000000080012d0        0x8 /opt/st/stm32cubeide_1.6.0/plugins/com.st.stm32cube.ide.mcu.externaltools.gnu-tools-for-stm32.9-2020-q2-update.linux64_1.5.0.202011040924/tools/bin/../lib/gcc/arm-none-eabi/9.3.1/thumb/v7-m/nofp/crtn.o
                0x00000000080012d8                . = ALIGN (0x4)
                0x00000000080012d8                _etext = .

.vfp11_veneer   0x00000000080012d8        0x0
 .vfp11_veneer  0x00000000080012d8        0x0 linker stubs

.v4_bx          0x00000000080012d8        0x0
 .v4_bx         0x00000000080012d8        0x0 linker stubs

.iplt           0x00000000080012d8        0x0
 .iplt          0x00000000080012d8        0x0 /opt/st/stm32cubeide_1.6.0/plugins/com.st.stm32cube.ide.mcu.externaltools.gnu-tools-for-stm32.9-2020-q2-update.linux64_1.5.0.202011040924/tools/bin/../lib/gcc/arm-none-eabi/9.3.1/thumb/v7-m/nofp/crtbegin.o

.rodata         0x00000000080012d8       0x20
                0x00000000080012d8                . = ALIGN (0x4)
 *(.rodata)
 .rodata        0x00000000080012d8       0x10 Drivers/STM32F1xx_HAL_Driver/Src/stm32f1xx_hal_rcc.o
 *(.rodata*)
 .rodata.AHBPrescTable
                0x00000000080012e8       0x10 Core/Src/system_stm32f1xx.o
                0x00000000080012e8                AHBPrescTable
                0x00000000080012f8                . = ALIGN (0x4)

.rel.dyn        0x00000000080012f8        0x0
 .rel.iplt      0x00000000080012f8        0x0 /opt/st/stm32cubeide_1.6.0/plugins/com.st.stm32cube.ide.mcu.externaltools.gnu-tools-for-stm32.9-2020-q2-update.linux64_1.5.0.202011040924/tools/bin/../lib/gcc/arm-none-eabi/9.3.1/thumb/v7-m/nofp/crtbegin.o

.ARM.extab      0x00000000080012f8        0x0
                0x00000000080012f8                . = ALIGN (0x4)
 *(.ARM.extab* .gnu.linkonce.armextab.*)
                0x00000000080012f8                . = ALIGN (0x4)

.ARM            0x00000000080012f8        0x0
                0x00000000080012f8                . = ALIGN (0x4)
                0x00000000080012f8                __exidx_start = .
 *(.ARM.exidx*)
                0x00000000080012f8                __exidx_end = .
                0x00000000080012f8                . = ALIGN (0x4)

.preinit_array  0x00000000080012f8        0x0
                0x00000000080012f8                . = ALIGN (0x4)
                0x00000000080012f8                PROVIDE (__preinit_array_start = .)
 *(.preinit_array*)
                0x00000000080012f8                PROVIDE (__preinit_array_end = .)
                0x00000000080012f8                . = ALIGN (0x4)

.init_array     0x00000000080012f8        0x4
                0x00000000080012f8                . = ALIGN (0x4)
                0x00000000080012f8                PROVIDE (__init_array_start = .)
 *(SORT_BY_NAME(.init_array.*))
 *(.init_array*)
 .init_array    0x00000000080012f8        0x4 /opt/st/stm32cubeide_1.6.0/plugins/com.st.stm32cube.ide.mcu.externaltools.gnu-tools-for-stm32.9-2020-q2-update.linux64_1.5.0.202011040924/tools/bin/../lib/gcc/arm-none-eabi/9.3.1/thumb/v7-m/nofp/crtbegin.o
                0x00000000080012fc                PROVIDE (__init_array_end = .)
                0x00000000080012fc                . = ALIGN (0x4)

.fini_array     0x00000000080012fc        0x4
                0x00000000080012fc                . = ALIGN (0x4)
                [!provide]                        PROVIDE (__fini_array_start = .)
 *(SORT_BY_NAME(.fini_array.*))
 *(.fini_array*)
 .fini_array    0x00000000080012fc        0x4 /opt/st/stm32cubeide_1.6.0/plugins/com.st.stm32cube.ide.mcu.externaltools.gnu-tools-for-stm32.9-2020-q2-update.linux64_1.5.0.202011040924/tools/bin/../lib/gcc/arm-none-eabi/9.3.1/thumb/v7-m/nofp/crtbegin.o
                [!provide]                        PROVIDE (__fini_array_end = .)
                0x0000000008001300                . = ALIGN (0x4)
                0x0000000008001300                _sidata = LOADADDR (.data)

.data           0x0000000020000000        0xc load address 0x0000000008001300
                0x0000000020000000                . = ALIGN (0x4)
                0x0000000020000000                _sdata = .
 *(.data)
 *(.data*)
 .data.SystemCoreClock
                0x0000000020000000        0x4 Core/Src/system_stm32f1xx.o
                0x0000000020000000                SystemCoreClock
 .data.uwTickPrio
                0x0000000020000004        0x4 Drivers/STM32F1xx_HAL_Driver/Src/stm32f1xx_hal.o
                0x0000000020000004                uwTickPrio
 .data.uwTickFreq
                0x0000000020000008        0x1 Drivers/STM32F1xx_HAL_Driver/Src/stm32f1xx_hal.o
                0x0000000020000008                uwTickFreq
 *(.RamFunc)
 *(.RamFunc*)
                0x000000002000000c                . = ALIGN (0x4)
 *fill*         0x0000000020000009        0x3 
                0x000000002000000c                _edata = .

.igot.plt       0x000000002000000c        0x0 load address 0x000000000800130c
 .igot.plt      0x000000002000000c        0x0 /opt/st/stm32cubeide_1.6.0/plugins/com.st.stm32cube.ide.mcu.externaltools.gnu-tools-for-stm32.9-2020-q2-update.linux64_1.5.0.202011040924/tools/bin/../lib/gcc/arm-none-eabi/9.3.1/thumb/v7-m/nofp/crtbegin.o
                0x000000002000000c                . = ALIGN (0x4)

.bss            0x000000002000000c       0x20 load address 0x000000000800130c
                0x000000002000000c                _sbss = .
                0x000000002000000c                __bss_start__ = _sbss
 *(.bss)
 .bss           0x000000002000000c       0x1c /opt/st/stm32cubeide_1.6.0/plugins/com.st.stm32cube.ide.mcu.externaltools.gnu-tools-for-stm32.9-2020-q2-update.linux64_1.5.0.202011040924/tools/bin/../lib/gcc/arm-none-eabi/9.3.1/thumb/v7-m/nofp/crtbegin.o
 *(.bss*)
 *(COMMON)
 COMMON         0x0000000020000028        0x4 Drivers/STM32F1xx_HAL_Driver/Src/stm32f1xx_hal.o
                0x0000000020000028                uwTick
                0x000000002000002c                . = ALIGN (0x4)
                0x000000002000002c                _ebss = .
                0x000000002000002c                __bss_end__ = _ebss

._user_heap_stack
                0x000000002000002c      0x604 load address 0x000000000800130c
                0x0000000020000030                . = ALIGN (0x8)
 *fill*         0x000000002000002c        0x4 
                [!provide]                        PROVIDE (end = .)
                0x0000000020000030                PROVIDE (_end = .)
                0x0000000020000230                . = (. + _Min_Heap_Size)
 *fill*         0x0000000020000030      0x200 
                0x0000000020000630                . = (. + _Min_Stack_Size)
 *fill*         0x0000000020000230      0x400 
                0x0000000020000630                . = ALIGN (0x8)

/DISCARD/
 libc.a(*)
 libm.a(*)
 libgcc.a(*)

.ARM.attributes
                0x0000000000000000       0x29
 *(.ARM.attributes)
 .ARM.attributes
                0x0000000000000000       0x1d /opt/st/stm32cubeide_1.6.0/plugins/com.st.stm32cube.ide.mcu.externaltools.gnu-tools-for-stm32.9-2020-q2-update.linux64_1.5.0.202011040924/tools/bin/../lib/gcc/arm-none-eabi/9.3.1/thumb/v7-m/nofp/crti.o
 .ARM.attributes
                0x000000000000001d       0x2d /opt/st/stm32cubeide_1.6.0/plugins/com.st.stm32cube.ide.mcu.externaltools.gnu-tools-for-stm32.9-2020-q2-update.linux64_1.5.0.202011040924/tools/bin/../lib/gcc/arm-none-eabi/9.3.1/thumb/v7-m/nofp/crtbegin.o
 .ARM.attributes
                0x000000000000004a       0x2d Core/Src/gpio.o
 .ARM.attributes
                0x0000000000000077       0x2d Core/Src/main.o
 .ARM.attributes
                0x00000000000000a4       0x2d Core/Src/stm32f1xx_hal_msp.o
 .ARM.attributes
                0x00000000000000d1       0x2d Core/Src/stm32f1xx_it.o
 .ARM.attributes
                0x00000000000000fe       0x2d Core/Src/system_stm32f1xx.o
 .ARM.attributes
                0x000000000000012b       0x21 Core/Startup/startup_stm32f103zetx.o
 .ARM.attributes
                0x000000000000014c       0x2d Drivers/STM32F1xx_HAL_Driver/Src/stm32f1xx_hal.o
 .ARM.attributes
                0x0000000000000179       0x2d Drivers/STM32F1xx_HAL_Driver/Src/stm32f1xx_hal_cortex.o
 .ARM.attributes
                0x00000000000001a6       0x2d Drivers/STM32F1xx_HAL_Driver/Src/stm32f1xx_hal_gpio.o
 .ARM.attributes
                0x00000000000001d3       0x2d Drivers/STM32F1xx_HAL_Driver/Src/stm32f1xx_hal_rcc.o
 .ARM.attributes
                0x0000000000000200       0x2d /opt/st/stm32cubeide_1.6.0/plugins/com.st.stm32cube.ide.mcu.externaltools.gnu-tools-for-stm32.9-2020-q2-update.linux64_1.5.0.202011040924/tools/bin/../lib/gcc/arm-none-eabi/9.3.1/../../../../arm-none-eabi/lib/thumb/v7-m/nofp/libc_nano.a(lib_a-init.o)
 .ARM.attributes
                0x000000000000022d       0x2d /opt/st/stm32cubeide_1.6.0/plugins/com.st.stm32cube.ide.mcu.externaltools.gnu-tools-for-stm32.9-2020-q2-update.linux64_1.5.0.202011040924/tools/bin/../lib/gcc/arm-none-eabi/9.3.1/../../../../arm-none-eabi/lib/thumb/v7-m/nofp/libc_nano.a(lib_a-memset.o)
 .ARM.attributes
                0x000000000000025a       0x1d /opt/st/stm32cubeide_1.6.0/plugins/com.st.stm32cube.ide.mcu.externaltools.gnu-tools-for-stm32.9-2020-q2-update.linux64_1.5.0.202011040924/tools/bin/../lib/gcc/arm-none-eabi/9.3.1/thumb/v7-m/nofp/crtn.o
OUTPUT(STM32F103ZET6_HAL.elf elf32-littlearm)
LOAD linker stubs
LOAD /opt/st/stm32cubeide_1.6.0/plugins/com.st.stm32cube.ide.mcu.externaltools.gnu-tools-for-stm32.9-2020-q2-update.linux64_1.5.0.202011040924/tools/bin/../lib/gcc/arm-none-eabi/9.3.1/../../../../arm-none-eabi/lib/thumb/v7-m/nofp/libc.a
LOAD /opt/st/stm32cubeide_1.6.0/plugins/com.st.stm32cube.ide.mcu.externaltools.gnu-tools-for-stm32.9-2020-q2-update.linux64_1.5.0.202011040924/tools/bin/../lib/gcc/arm-none-eabi/9.3.1/../../../../arm-none-eabi/lib/thumb/v7-m/nofp/libm.a
LOAD /opt/st/stm32cubeide_1.6.0/plugins/com.st.stm32cube.ide.mcu.externaltools.gnu-tools-for-stm32.9-2020-q2-update.linux64_1.5.0.202011040924/tools/bin/../lib/gcc/arm-none-eabi/9.3.1/thumb/v7-m/nofp/libgcc.a

.debug_info     0x0000000000000000     0x32e6
 .debug_info    0x0000000000000000      0x355 Core/Src/gpio.o
 .debug_info    0x0000000000000355      0x3f2 Core/Src/main.o
 .debug_info    0x0000000000000747      0x2fc Core/Src/stm32f1xx_hal_msp.o
 .debug_info    0x0000000000000a43      0x222 Core/Src/stm32f1xx_it.o
 .debug_info    0x0000000000000c65      0x2be Core/Src/system_stm32f1xx.o
 .debug_info    0x0000000000000f23       0x22 Core/Startup/startup_stm32f103zetx.o
 .debug_info    0x0000000000000f45      0x7d0 Drivers/STM32F1xx_HAL_Driver/Src/stm32f1xx_hal.o
 .debug_info    0x0000000000001715      0xc42 Drivers/STM32F1xx_HAL_Driver/Src/stm32f1xx_hal_cortex.o
 .debug_info    0x0000000000002357      0x701 Drivers/STM32F1xx_HAL_Driver/Src/stm32f1xx_hal_gpio.o
 .debug_info    0x0000000000002a58      0x88e Drivers/STM32F1xx_HAL_Driver/Src/stm32f1xx_hal_rcc.o

.debug_abbrev   0x0000000000000000      0xf94
 .debug_abbrev  0x0000000000000000      0x143 Core/Src/gpio.o
 .debug_abbrev  0x0000000000000143      0x1a7 Core/Src/main.o
 .debug_abbrev  0x00000000000002ea      0x11d Core/Src/stm32f1xx_hal_msp.o
 .debug_abbrev  0x0000000000000407       0xd2 Core/Src/stm32f1xx_it.o
 .debug_abbrev  0x00000000000004d9      0x14e Core/Src/system_stm32f1xx.o
 .debug_abbrev  0x0000000000000627       0x12 Core/Startup/startup_stm32f103zetx.o
 .debug_abbrev  0x0000000000000639      0x1ed Drivers/STM32F1xx_HAL_Driver/Src/stm32f1xx_hal.o
 .debug_abbrev  0x0000000000000826      0x313 Drivers/STM32F1xx_HAL_Driver/Src/stm32f1xx_hal_cortex.o
 .debug_abbrev  0x0000000000000b39      0x1e8 Drivers/STM32F1xx_HAL_Driver/Src/stm32f1xx_hal_gpio.o
 .debug_abbrev  0x0000000000000d21      0x273 Drivers/STM32F1xx_HAL_Driver/Src/stm32f1xx_hal_rcc.o

.debug_aranges  0x0000000000000000      0x3f8
 .debug_aranges
                0x0000000000000000       0x20 Core/Src/gpio.o
 .debug_aranges
                0x0000000000000020       0x40 Core/Src/main.o
 .debug_aranges
                0x0000000000000060       0x20 Core/Src/stm32f1xx_hal_msp.o
 .debug_aranges
                0x0000000000000080       0x60 Core/Src/stm32f1xx_it.o
 .debug_aranges
                0x00000000000000e0       0x28 Core/Src/system_stm32f1xx.o
 .debug_aranges
                0x0000000000000108       0x28 Core/Startup/startup_stm32f103zetx.o
 .debug_aranges
                0x0000000000000130       0xe0 Drivers/STM32F1xx_HAL_Driver/Src/stm32f1xx_hal.o
 .debug_aranges
                0x0000000000000210      0x100 Drivers/STM32F1xx_HAL_Driver/Src/stm32f1xx_hal_cortex.o
 .debug_aranges
                0x0000000000000310       0x58 Drivers/STM32F1xx_HAL_Driver/Src/stm32f1xx_hal_gpio.o
 .debug_aranges
                0x0000000000000368       0x90 Drivers/STM32F1xx_HAL_Driver/Src/stm32f1xx_hal_rcc.o

.debug_ranges   0x0000000000000000      0x360
 .debug_ranges  0x0000000000000000       0x10 Core/Src/gpio.o
 .debug_ranges  0x0000000000000010       0x30 Core/Src/main.o
 .debug_ranges  0x0000000000000040       0x10 Core/Src/stm32f1xx_hal_msp.o
 .debug_ranges  0x0000000000000050       0x50 Core/Src/stm32f1xx_it.o
 .debug_ranges  0x00000000000000a0       0x18 Core/Src/system_stm32f1xx.o
 .debug_ranges  0x00000000000000b8       0x20 Core/Startup/startup_stm32f103zetx.o
 .debug_ranges  0x00000000000000d8       0xd0 Drivers/STM32F1xx_HAL_Driver/Src/stm32f1xx_hal.o
 .debug_ranges  0x00000000000001a8       0xf0 Drivers/STM32F1xx_HAL_Driver/Src/stm32f1xx_hal_cortex.o
 .debug_ranges  0x0000000000000298       0x48 Drivers/STM32F1xx_HAL_Driver/Src/stm32f1xx_hal_gpio.o
 .debug_ranges  0x00000000000002e0       0x80 Drivers/STM32F1xx_HAL_Driver/Src/stm32f1xx_hal_rcc.o

.debug_macro    0x0000000000000000    0x17d4f
 .debug_macro   0x0000000000000000      0x19d Core/Src/gpio.o
 .debug_macro   0x000000000000019d      0xa9c Core/Src/gpio.o
 .debug_macro   0x0000000000000c39      0x20f Core/Src/gpio.o
 .debug_macro   0x0000000000000e48       0x2e Core/Src/gpio.o
 .debug_macro   0x0000000000000e76       0x22 Core/Src/gpio.o
 .debug_macro   0x0000000000000e98       0x22 Core/Src/gpio.o
 .debug_macro   0x0000000000000eba       0x8e Core/Src/gpio.o
 .debug_macro   0x0000000000000f48       0x51 Core/Src/gpio.o
 .debug_macro   0x0000000000000f99      0x103 Core/Src/gpio.o
 .debug_macro   0x000000000000109c       0x6a Core/Src/gpio.o
 .debug_macro   0x0000000000001106      0x1df Core/Src/gpio.o
 .debug_macro   0x00000000000012e5       0x1c Core/Src/gpio.o
 .debug_macro   0x0000000000001301       0x22 Core/Src/gpio.o
 .debug_macro   0x0000000000001323       0xc3 Core/Src/gpio.o
 .debug_macro   0x00000000000013e6      0xd23 Core/Src/gpio.o
 .debug_macro   0x0000000000002109     0xfd8c Core/Src/gpio.o
 .debug_macro   0x0000000000011e95       0x6d Core/Src/gpio.o
 .debug_macro   0x0000000000011f02     0x3468 Core/Src/gpio.o
 .debug_macro   0x000000000001536a      0x174 Core/Src/gpio.o
 .debug_macro   0x00000000000154de       0x5c Core/Src/gpio.o
 .debug_macro   0x000000000001553a      0x5be Core/Src/gpio.o
 .debug_macro   0x0000000000015af8      0x4d5 Core/Src/gpio.o
 .debug_macro   0x0000000000015fcd      0x1cb Core/Src/gpio.o
 .debug_macro   0x0000000000016198      0x114 Core/Src/gpio.o
 .debug_macro   0x00000000000162ac      0x1ea Core/Src/gpio.o
 .debug_macro   0x0000000000016496       0x27 Core/Src/gpio.o
 .debug_macro   0x00000000000164bd      0x144 Core/Src/gpio.o
 .debug_macro   0x0000000000016601      0x1bc Core/Src/gpio.o
 .debug_macro   0x00000000000167bd       0x30 Core/Src/gpio.o
 .debug_macro   0x00000000000167ed       0x3c Core/Src/gpio.o
 .debug_macro   0x0000000000016829       0x57 Core/Src/gpio.o
 .debug_macro   0x0000000000016880       0x88 Core/Src/gpio.o
 .debug_macro   0x0000000000016908      0x24f Core/Src/gpio.o
 .debug_macro   0x0000000000016b57      0x141 Core/Src/gpio.o
 .debug_macro   0x0000000000016c98       0xb5 Core/Src/gpio.o
 .debug_macro   0x0000000000016d4d       0x10 Core/Src/gpio.o
 .debug_macro   0x0000000000016d5d      0x1be Core/Src/main.o
 .debug_macro   0x0000000000016f1b      0x2cf Core/Src/main.o
 .debug_macro   0x00000000000171ea      0x193 Core/Src/stm32f1xx_hal_msp.o
 .debug_macro   0x000000000001737d      0x19d Core/Src/stm32f1xx_it.o
 .debug_macro   0x000000000001751a      0x184 Core/Src/system_stm32f1xx.o
 .debug_macro   0x000000000001769e      0x1a8 Drivers/STM32F1xx_HAL_Driver/Src/stm32f1xx_hal.o
 .debug_macro   0x0000000000017846      0x184 Drivers/STM32F1xx_HAL_Driver/Src/stm32f1xx_hal_cortex.o
 .debug_macro   0x00000000000179ca      0x1ef Drivers/STM32F1xx_HAL_Driver/Src/stm32f1xx_hal_gpio.o
 .debug_macro   0x0000000000017bb9      0x196 Drivers/STM32F1xx_HAL_Driver/Src/stm32f1xx_hal_rcc.o

.debug_line     0x0000000000000000     0x4bca
 .debug_line    0x0000000000000000      0x61c Core/Src/gpio.o
 .debug_line    0x000000000000061c      0x815 Core/Src/main.o
 .debug_line    0x0000000000000e31      0x611 Core/Src/stm32f1xx_hal_msp.o
 .debug_line    0x0000000000001442      0x6d2 Core/Src/stm32f1xx_it.o
 .debug_line    0x0000000000001b14      0x68e Core/Src/system_stm32f1xx.o
 .debug_line    0x00000000000021a2       0x87 Core/Startup/startup_stm32f103zetx.o
 .debug_line    0x0000000000002229      0x8bb Drivers/STM32F1xx_HAL_Driver/Src/stm32f1xx_hal.o
 .debug_line    0x0000000000002ae4      0xaa3 Drivers/STM32F1xx_HAL_Driver/Src/stm32f1xx_hal_cortex.o
 .debug_line    0x0000000000003587      0x97a Drivers/STM32F1xx_HAL_Driver/Src/stm32f1xx_hal_gpio.o
 .debug_line    0x0000000000003f01      0xcc9 Drivers/STM32F1xx_HAL_Driver/Src/stm32f1xx_hal_rcc.o

.debug_str      0x0000000000000000    0x8b383
 .debug_str     0x0000000000000000    0x88c27 Core/Src/gpio.o
                                      0x89023 (size before relaxing)
 .debug_str     0x0000000000088c27     0x1762 Core/Src/main.o
                                      0x8a6ac (size before relaxing)
 .debug_str     0x000000000008a389       0x5a Core/Src/stm32f1xx_hal_msp.o
                                      0x88fd9 (size before relaxing)
 .debug_str     0x000000000008a3e3       0xbd Core/Src/stm32f1xx_it.o
                                      0x88ff6 (size before relaxing)
 .debug_str     0x000000000008a4a0       0x52 Core/Src/system_stm32f1xx.o
                                      0x88f95 (size before relaxing)
 .debug_str     0x000000000008a4f2       0x36 Core/Startup/startup_stm32f103zetx.o
                                         0x78 (size before relaxing)
 .debug_str     0x000000000008a528      0x5e8 Drivers/STM32F1xx_HAL_Driver/Src/stm32f1xx_hal.o
                                      0x8970a (size before relaxing)
 .debug_str     0x000000000008ab10      0x300 Drivers/STM32F1xx_HAL_Driver/Src/stm32f1xx_hal_cortex.o
                                      0x89712 (size before relaxing)
 .debug_str     0x000000000008ae10      0x324 Drivers/STM32F1xx_HAL_Driver/Src/stm32f1xx_hal_gpio.o
                                      0x89359 (size before relaxing)
 .debug_str     0x000000000008b134      0x24f Drivers/STM32F1xx_HAL_Driver/Src/stm32f1xx_hal_rcc.o
                                      0x89392 (size before relaxing)

.comment        0x0000000000000000       0x53
 .comment       0x0000000000000000       0x53 Core/Src/gpio.o
                                         0x54 (size before relaxing)
 .comment       0x0000000000000053       0x54 Core/Src/main.o
 .comment       0x0000000000000053       0x54 Core/Src/stm32f1xx_hal_msp.o
 .comment       0x0000000000000053       0x54 Core/Src/stm32f1xx_it.o
 .comment       0x0000000000000053       0x54 Core/Src/system_stm32f1xx.o
 .comment       0x0000000000000053       0x54 Drivers/STM32F1xx_HAL_Driver/Src/stm32f1xx_hal.o
 .comment       0x0000000000000053       0x54 Drivers/STM32F1xx_HAL_Driver/Src/stm32f1xx_hal_cortex.o
 .comment       0x0000000000000053       0x54 Drivers/STM32F1xx_HAL_Driver/Src/stm32f1xx_hal_gpio.o
 .comment       0x0000000000000053       0x54 Drivers/STM32F1xx_HAL_Driver/Src/stm32f1xx_hal_rcc.o

.debug_frame    0x0000000000000000      0xd90
 .debug_frame   0x0000000000000000       0x34 Core/Src/gpio.o
 .debug_frame   0x0000000000000034       0xb8 Core/Src/main.o
 .debug_frame   0x00000000000000ec       0x38 Core/Src/stm32f1xx_hal_msp.o
 .debug_frame   0x0000000000000124      0x104 Core/Src/stm32f1xx_it.o
 .debug_frame   0x0000000000000228       0x58 Core/Src/system_stm32f1xx.o
 .debug_frame   0x0000000000000280      0x334 Drivers/STM32F1xx_HAL_Driver/Src/stm32f1xx_hal.o
 .debug_frame   0x00000000000005b4      0x428 Drivers/STM32F1xx_HAL_Driver/Src/stm32f1xx_hal_cortex.o
 .debug_frame   0x00000000000009dc      0x14c Drivers/STM32F1xx_HAL_Driver/Src/stm32f1xx_hal_gpio.o
 .debug_frame   0x0000000000000b28      0x21c Drivers/STM32F1xx_HAL_Driver/Src/stm32f1xx_hal_rcc.o
 .debug_frame   0x0000000000000d44       0x2c /opt/st/stm32cubeide_1.6.0/plugins/com.st.stm32cube.ide.mcu.externaltools.gnu-tools-for-stm32.9-2020-q2-update.linux64_1.5.0.202011040924/tools/bin/../lib/gcc/arm-none-eabi/9.3.1/../../../../arm-none-eabi/lib/thumb/v7-m/nofp/libc_nano.a(lib_a-init.o)
 .debug_frame   0x0000000000000d70       0x20 /opt/st/stm32cubeide_1.6.0/plugins/com.st.stm32cube.ide.mcu.externaltools.gnu-tools-for-stm32.9-2020-q2-update.linux64_1.5.0.202011040924/tools/bin/../lib/gcc/arm-none-eabi/9.3.1/../../../../arm-none-eabi/lib/thumb/v7-m/nofp/libc_nano.a(lib_a-memset.o)
